// Jest Snapshot v1, https://goo.gl/fbAQLP

exports[`should load the header component correctly 1`] = `
<header>
  <h1>
    Expensify
  </h1>
  <h3>
    <NavLink
      activeClassName="is-active"
      ariaCurrent="true"
      exact={true}
      to="/"
    >
       Go home
    </NavLink>
  </h3>
  <h3>
    <NavLink
      activeClassName="is-active"
      ariaCurrent="true"
      to="/create"
    >
       Create Expense
    </NavLink>
  </h3>
  <h3>
    <NavLink
      activeClassName="is-active"
      ariaCurrent="true"
      to="/help"
    >
       Help
    </NavLink>
  </h3>
</header>
`;
