// Jest Snapshot v1, https://goo.gl/fbAQLP

exports[`should render the login page component 1`] = `
<div>
  <button
    onClick={[Function]}
  >
    Sign in
  </button>
</div>
`;
